// Jest Snapshot v1, https://goo.gl/fbAQLP

exports[`snapshot para  o Componente de teste 1`] = `
<div>
  <h1>
    Ol√°, mundo!
  </h1>
</div>
`;
